// Jest Snapshot v1, https://goo.gl/fbAQLP

exports[`header matches snapshot 1`] = `
<React.Fragment>
  <Column
    alignItems="center"
    flex={6}
    justifyContent="center"
  >
    <LinkTest
      to="/"
    >
      <img
        alt=""
      />
    </LinkTest>
  </Column>
  <React.Fragment>
    <Styled(Column)>
      <styled.ul>
        <styled.li
          onMouseEnter={[Function]}
        >
          <div
            onMouseEnter={[Function]}
          />
        </styled.li>
      </styled.ul>
    </Styled(Column)>
  </React.Fragment>
  <React.Fragment>
    <Styled(Column)>
      <styled.ul>
        <styled.li
          onMouseEnter={[Function]}
        >
          <div
            onMouseEnter={[Function]}
          />
        </styled.li>
      </styled.ul>
    </Styled(Column)>
  </React.Fragment>
  <Column>
    <ButtonTest
      to="#"
    />
  </Column>
</React.Fragment>
`;
